Reused arctic-nfcorpus-cpu
Reused arctic-nfcorpus-cuda
Reused arctic-scifact-cpu
Reused arctic-scifact-cuda
Reused granite-nfcorpus-cpu
Reused granite-nfcorpus-cuda
Reused granite-scifact-cpu
Reused granite-scifact-cuda
Reused e5-nfcorpus-cpu
Reused e5-nfcorpus-cuda
Reused e5-scifact-cpu
Reused e5-scifact-cuda
Reused jina-code-nfcorpus-cpu
Reused jina-code-nfcorpus-cuda
Reused jina-code-scifact-cpu
Encoding jina-code-scifact-cuda
Completed jina-code-scifact-cuda
Encoding bge-m3-nfcorpus-cpu
Completed bge-m3-nfcorpus-cpu
Encoding bge-m3-nfcorpus-cuda
Completed bge-m3-nfcorpus-cuda
Encoding bge-m3-scifact-cpu
Completed bge-m3-scifact-cpu
Encoding bge-m3-scifact-cuda
Completed bge-m3-scifact-cuda
Scoring arctic-nfcorpus-matrix
Scoring arctic-256-nfcorpus-matrix
Scoring arctic-scifact-matrix
Scoring arctic-256-scifact-matrix
Scoring granite-nfcorpus-matrix
Scoring granite-scifact-matrix
Scoring e5-nfcorpus-matrix
Scoring e5-scifact-matrix
Scoring jina-code-nfcorpus-matrix
Scoring jina-code-scifact-matrix
Scoring bge-m3-nfcorpus-matrix
Scoring bge-m3-scifact-matrix
Pilot completed: /home/jacob/Projects/ree/benchmarks/results/retrieval-pilot-20260909/summary.json
